Godot Engine v4.7.2.stable.official.ed1daf0bf - https://godotengine.org

invalid, missing, fractional and oversized saves fall back safely  ok: true
missing storage begins at level 1  ok: true
winning saves the next unlock and lower wins cannot downgrade it  ok: true
a fresh cache reads the persisted unlock  ok: true
fresh entry automatically starts level 1  ok: true
clearing the real level saves level 2 before continuing  ok: true
a fresh visit offers the saved level before creating a city  ok: true
portrait choice has readable text and 48-pixel targets  ok: true
menu bounds: [P: (24.0, 426.75), S: (537.0, 412.5)] viewport: [P: (0.0, 0.0), S: (585.0, 1266.0)] minimum: (358.0, 275.0)
choice rotates to landscape without clipping or overlap  ok: true
desktop choice remains contained with keyboard focus visible  ok: true
Continue tap enters level 2 without latched movement or stale retry state  ok: true
entry screen is released and retries target the selected game scene  ok: true
the next real clear advances the saved unlock again  ok: true
keyboard focus can reach New Run  ok: true
New Run starts level 1 while retaining unlocks and rule memory  ok: true
capture explains the cause at full life and preserves unlocks  ok: true
causal retry card fits compact landscape  ok: true
actual retry skips the chooser and preserves house, map and location  ok: true
fatal traffic hit names Stella, depleted life and a crossing response  ok: true
street-person and skateboarder life loss use causal recovery hints  ok: true
debug level selection and clearing cannot inflate saved unlocks  ok: true
a normal New Run restores checkpoint eligibility after debugging  ok: true
failed storage keeps the session unlock and explains the limitation  ok: true
storage-failure preview stays readable in landscape  ok: true
a later visit with unavailable storage safely falls back to level 1  ok: true
WARNING: 8 ObjectDB instances were leaked at exit (run with `--verbose` for details).
   at: cleanup (core/object/object.cpp:2536)
ERROR: 4 resources still in use at exit (run with --verbose for details).
   at: clear (core/io/resource.cpp:822)
