Godot Engine v4.7.2.stable.official.ed1daf0bf - https://godotengine.org
OpenGL API 4.1 Metal - 90.5 - Compatibility - Using Device: Apple - Apple M3 Pro

invalid, missing, fractional and oversized saves fall back safely  ok: true
missing storage begins at level 1  ok: true
winning saves the next unlock and lower wins cannot downgrade it  ok: true
a fresh cache reads the persisted unlock  ok: true
fresh entry automatically starts level 1  ok: true
RUNLOG {"chases":0,"closest_cop":-1,"damage":{},"detail":{"chasers":0,"dragged":false,"held":false,"stunned":false},"dragged_s":0.0,"end_x":250,"end_y":2730,"escapes":0,"events":[{"home":1.0,"kind":"won","t":0.1,"x":250,"y":2730}],"held_s":0.0,"investigations":0,"items_used":{},"level":1,"life_left":100,"lit_s":0.0,"longest_chase":0.0,"outcome":"won","phone_calls":0,"pickups":0,"progress":0.0,"route":1700,"seconds":0.1,"sightings":0,"sneak_pct":0,"stella_held_s":0.0,"stella_stops":{},"stuns":0,"walked":0}
clearing the real level saves level 2 before continuing  ok: true
a fresh visit offers the saved level before creating a city  ok: true
portrait choice has readable text and 48-pixel targets  ok: true
menu bounds: [P: (24.0, 426.75), S: (537.0, 412.5)] viewport: [P: (0.0, 0.0), S: (585.0, 1266.0)] minimum: (358.0, 275.0)
choice rotates to landscape without clipping or overlap  ok: true
desktop choice remains contained with keyboard focus visible  ok: true
Continue tap enters level 2 without latched movement or stale retry state  ok: true
entry screen is released and retries target the selected game scene  ok: true
RUNLOG {"chases":0,"closest_cop":-1,"damage":{},"detail":{"chasers":0,"dragged":false,"held":false,"stunned":false},"dragged_s":0.0,"end_x":250,"end_y":2730,"escapes":0,"events":[{"home":1.0,"kind":"won","t":0.1,"x":250,"y":2730}],"held_s":0.0,"investigations":0,"items_used":{},"level":2,"life_left":100,"lit_s":0.0,"longest_chase":0.0,"outcome":"won","phone_calls":0,"pickups":0,"progress":0.0,"route":2565,"seconds":0.1,"sightings":0,"sneak_pct":0,"stella_held_s":0.0,"stella_stops":{},"stuns":0,"walked":0}
the next real clear advances the saved unlock again  ok: true
keyboard focus can reach New Run  ok: true
New Run starts level 1 while retaining unlocks and rule memory  ok: true
RUNLOG {"chases":0,"closest_cop":-1,"damage":{},"detail":{"chasers":0,"cop_chase_s":0.0,"dragged":false,"held":false,"stunned":false},"dragged_s":0.0,"end_x":430,"end_y":2610,"escapes":0,"events":[{"home":0.94,"kind":"caught","t":0.1,"x":430,"y":2610}],"held_s":0.0,"investigations":0,"items_used":{},"level":1,"life_left":100,"lit_s":0.0,"longest_chase":0.0,"outcome":"caught","phone_calls":0,"pickups":0,"progress":0.06,"route":1700,"seconds":0.1,"sightings":0,"sneak_pct":0,"stella_held_s":0.0,"stella_stops":{},"stuns":0,"walked":0}
capture explains the cause at full life and preserves unlocks  ok: true
causal retry card fits compact landscape  ok: true
actual retry skips the chooser and preserves house, map and location  ok: true
RUNLOG {"chases":0,"closest_cop":-1,"damage":{"car":50.0},"detail":{"chasers":0,"dragged":false,"held":false,"source":"car","stella":true,"stunned":false},"dragged_s":0.0,"end_x":430,"end_y":2610,"escapes":0,"events":[{"home":0.94,"kind":"hurt_car","t":0.1,"x":430,"y":2610},{"home":0.94,"kind":"run_over","t":0.1,"x":430,"y":2610}],"held_s":0.0,"investigations":0,"items_used":{},"level":1,"life_left":0,"lit_s":0.0,"longest_chase":0.0,"outcome":"run_over","phone_calls":0,"pickups":0,"progress":0.06,"route":1700,"seconds":0.1,"sightings":0,"sneak_pct":0,"stella_held_s":0.0,"stella_stops":{},"stuns":0,"walked":0}
fatal traffic hit names Stella, depleted life and a crossing response  ok: true
street-person and skateboarder life loss use causal recovery hints  ok: true
RUNLOG {"chases":0,"closest_cop":-1,"damage":{},"detail":{"chasers":0,"dragged":false,"held":false,"stunned":false},"dragged_s":0.0,"end_x":250,"end_y":2730,"escapes":0,"events":[{"home":1.0,"kind":"won","t":0.1,"x":250,"y":2730}],"held_s":0.0,"investigations":0,"items_used":{},"level":3,"life_left":100,"lit_s":0.0,"longest_chase":0.0,"outcome":"won","phone_calls":0,"pickups":0,"progress":0.0,"route":5653,"seconds":0.1,"sightings":0,"sneak_pct":0,"stella_held_s":0.0,"stella_stops":{},"stuns":0,"walked":0}
debug level selection and clearing cannot inflate saved unlocks  ok: true
a normal New Run restores checkpoint eligibility after debugging  ok: true
RUNLOG {"chases":0,"closest_cop":-1,"damage":{},"detail":{"chasers":0,"dragged":false,"held":false,"stunned":false},"dragged_s":0.0,"end_x":250,"end_y":2730,"escapes":0,"events":[{"home":1.0,"kind":"won","t":0.1,"x":250,"y":2730}],"held_s":0.0,"investigations":0,"items_used":{},"level":1,"life_left":100,"lit_s":0.0,"longest_chase":0.0,"outcome":"won","phone_calls":0,"pickups":0,"progress":0.0,"route":1713,"seconds":0.1,"sightings":0,"sneak_pct":0,"stella_held_s":0.0,"stella_stops":{},"stuns":0,"walked":0}
failed storage keeps the session unlock and explains the limitation  ok: true
storage-failure preview stays readable in landscape  ok: true
a later visit with unavailable storage safely falls back to level 1  ok: true
