Godot Engine v4.7.2.stable.official.ed1daf0bf - https://godotengine.org

nearby treat has an unobstructed walk from the starting plaza  ok: true
treat position: (350.0, 2730.0) distance: 100.0
one existing cop offers a short optional patrol  ok: true
practice patrol: [(1492.0, 2815.0), (1352.0, 2815.0)] distance: 1244.9052734375
full patrol stays on clear pavement outside the 1000-unit safe zone and door  ok: true
30 seconds of actual patrol movement preserves a safe start without getting stuck  ok: true
real walk-over pickup carries and explains the treat  ok: true
using the optional treat activates its 30-second effect  ok: true
calm visible patrol is explained before entering its beam  ok: true
an occluded patrol does not announce itself through a wall  ok: true
home clears without carrying an item or completing practice  ok: true
banner bounds: [P: (24.0, 483.0), S: (537.0, 300.0)] viewport: [P: (0.0, 0.0), S: (585.0, 1266.0)] alpha: 1.0
banner minima: title (358.0, 47.0) sub (358.0, 135.0) box (358.0, 200.0)
next-walk card fits (390.0, 844.0) with readable steady text  ok: true
banner bounds: [P: (24.0, 142.5), S: (1218.0, 300.0)] viewport: [P: (0.0, 0.0), S: (1266.0, 585.0)] alpha: 1.0
banner minima: title (812.0, 47.0) sub (812.0, 112.0) box (812.0, 177.0)
next-walk card fits (844.0, 390.0) with readable steady text  ok: true
level 2 retains ordinary item and patrol placement  ok: true
level 3 preview explains the torch tradeoff and moving past zombies  ok: true
WARNING: 10 ObjectDB instances were leaked at exit (run with `--verbose` for details).
   at: cleanup (core/object/object.cpp:2536)
ERROR: 5 resources still in use at exit (run with --verbose for details).
   at: clear (core/io/resource.cpp:822)
