Godot Engine v4.7.2.stable.official.ed1daf0bf - https://godotengine.org

  finished rush seed 0: won in 27.0s
  finished careful seed 0: won in 27.0s
  finished rush seed 1: won in 28.7s
  finished careful seed 1: won in 28.8s
  finished rush seed 2: won in 22.6s
  finished careful seed 2: won in 22.6s
  finished rush seed 3: won in 24.7s
  finished careful seed 3: won in 24.7s
  finished rush seed 4: won in 28.5s
  finished careful seed 4: won in 28.8s
  finished rush seed 5: won in 26.2s
  finished careful seed 5: won in 28.8s

policy    runs  won%  caught  hit-by-car  ko'd  timeout  median-s(won)  seen  chases  escaped  stuns  life-lost  sneak%  progress-at-death
rush         6  100%       0           0     0        0           27.0   0.0     0.0      0.0    0.0          0       0  -
careful      6  100%       0           0     0        0           28.8   0.0     0.0      0.0    0.0          0       0  -

rush     seed 0  won         27.0s  walked  1880/ 1602  progress  98%  seen  0  chases  0  escaped  0  stuns 0  closest cop -1  {"chasers":0,"dragged":true,"held":false,"stunned":false}
         9.0s  stella_pee at (650, 2202)  59% of the way left
        12.5s  stella_scent at (641, 2196)  59% of the way left
        23.0s  pizza    at (783, 1406)  20% of the way left
        27.0s  won      at (1076, 1376)  2% of the way left
careful  seed 0  won         27.0s  walked  1880/ 1602  progress  98%  seen  0  chases  0  escaped  0  stuns 0  closest cop -1  {"chasers":0,"dragged":true,"held":false,"stunned":false}
         9.0s  stella_pee at (650, 2202)  59% of the way left
        12.5s  stella_scent at (641, 2196)  59% of the way left
        23.0s  pizza    at (783, 1406)  20% of the way left
        27.0s  won      at (1076, 1376)  2% of the way left
rush     seed 1  won         28.7s  walked  1939/ 1713  progress  99%  seen  0  chases  0  escaped  0  stuns 0  closest cop 392  {"chasers":0,"dragged":false,"held":false,"stunned":false}
         6.9s  stella_pee at (56, 2212)  73% of the way left
        12.0s  stella_scent at (60, 2096)  67% of the way left
        28.7s  won      at (464, 1039)  1% of the way left
careful  seed 1  won         28.8s  walked  1918/ 1713  progress  99%  seen  0  chases  0  escaped  0  stuns 0  closest cop 392  {"chasers":0,"dragged":false,"held":false,"stunned":false}
         6.9s  stella_pee at (56, 2212)  73% of the way left
        10.4s  stella_scent at (60, 2199)  72% of the way left
        28.8s  won      at (465, 1039)  1% of the way left
rush     seed 2  won         22.6s  walked  1591/ 1455  progress  99%  seen  0  chases  0  escaped  0  stuns 0  closest cop -1  {"chasers":0,"dragged":false,"held":false,"stunned":false}
         9.0s  stella_pee at (650, 2202)  57% of the way left
        12.5s  stella_scent at (641, 2196)  57% of the way left
        22.6s  won      at (778, 1382)  1% of the way left
careful  seed 2  won         22.6s  walked  1591/ 1455  progress  99%  seen  0  chases  0  escaped  0  stuns 0  closest cop -1  {"chasers":0,"dragged":false,"held":false,"stunned":false}
         9.0s  stella_pee at (650, 2202)  57% of the way left
        12.6s  stella_scent at (642, 2194)  57% of the way left
        22.6s  won      at (778, 1382)  1% of the way left
rush     seed 3  won         24.7s  walked  1789/ 1700  progress 100%  seen  0  chases  0  escaped  0  stuns 0  closest cop 509  {"chasers":0,"dragged":false,"held":false,"stunned":false}
         6.9s  stella_pee at (56, 2214)  70% of the way left
        11.3s  stella_scent at (60, 2158)  67% of the way left
        24.7s  won      at (158, 1039)  0% of the way left
careful  seed 3  won         24.7s  walked  1789/ 1700  progress 100%  seen  0  chases  0  escaped  0  stuns 0  closest cop 509  {"chasers":0,"dragged":false,"held":false,"stunned":false}
         6.9s  stella_pee at (56, 2214)  70% of the way left
        13.4s  stella_scent at (60, 1978)  56% of the way left
        24.7s  won      at (158, 1039)  0% of the way left
rush     seed 4  won         28.5s  walked  1933/ 1713  progress  99%  seen  0  chases  0  escaped  0  stuns 0  closest cop 392  {"chasers":0,"dragged":false,"held":false,"stunned":false}
         6.9s  stella_pee at (56, 2212)  73% of the way left
        11.8s  stella_scent at (60, 2111)  68% of the way left
        28.5s  won      at (464, 1039)  1% of the way left
careful  seed 4  won         28.8s  walked  1918/ 1713  progress  99%  seen  0  chases  0  escaped  0  stuns 0  closest cop 392  {"chasers":0,"dragged":false,"held":false,"stunned":false}
         6.9s  stella_pee at (56, 2212)  73% of the way left
        10.4s  stella_scent at (60, 2199)  72% of the way left
        28.8s  won      at (465, 1039)  1% of the way left
rush     seed 5  won         26.2s  walked  1913/ 1713  progress  99%  seen  0  chases  0  escaped  0  stuns 0  closest cop 392  {"chasers":0,"dragged":false,"held":false,"stunned":false}
         6.9s  stella_pee at (56, 2212)  73% of the way left
        13.0s  stella_scent at (60, 2011)  62% of the way left
        26.2s  won      at (465, 1039)  1% of the way left
careful  seed 5  won         28.8s  walked  1918/ 1713  progress  99%  seen  0  chases  0  escaped  0  stuns 0  closest cop 392  {"chasers":0,"dragged":false,"held":false,"stunned":false}
         6.9s  stella_pee at (56, 2212)  73% of the way left
        10.4s  stella_scent at (60, 2199)  72% of the way left
        21.4s  stella_scent at (65, 1517)  37% of the way left
        28.8s  won      at (465, 1039)  1% of the way left
WARNING: 15 ObjectDB instances were leaked at exit (run with `--verbose` for details).
   at: cleanup (core/object/object.cpp:2536)
ERROR: 6 resources still in use at exit (run with --verbose for details).
   at: clear (core/io/resource.cpp:822)
