Godot Engine v4.7.2.stable.official.ed1daf0bf - https://godotengine.org

scent then real item pickup queues teaching without replacing it  ok: true
repeat encounter offers are deduplicated while current or queued  ok: true
urgent cop warning appears promptly, retaining interrupted scent first  ok: true
pause cannot consume a warning or persist it as read  ok: true
field guide opens the carried item and does not alter clue completion  ok: true
field guide previous/next work through real GUI taps without steering  ok: true
every rule and unlocked item fits readable portrait guide  ok: true
rotation while browsing keeps all guide text and targets readable  ok: true
four-action landscape pause menu fits without shrinking targets  ok: true
interrupted explanation returns with its full reading interval  ok: true
partial restored reading is not recorded as seen  ok: true
queued item follows a completed restored explanation  ok: true
death and end-screen time cannot persist an unread item clue  ok: true
fresh scene using the stored seen list accepts the unread explanation  ok: true
full uninterrupted visible dwell persists once and rejects repeats  ok: true
one-shot teaching during title/grace is retained and starts afterward  ok: true
queue remains bounded to distinct catalogue entries under repeated offers  ok: true
cancelled clue cannot mark itself seen after a reset  ok: true
WARNING: 12 ObjectDB instances were leaked at exit (run with `--verbose` for details).
   at: cleanup (core/object/object.cpp:2536)
ERROR: 6 resources still in use at exit (run with --verbose for details).
   at: clear (core/io/resource.cpp:822)
